// Jest Snapshot v1, https://goo.gl/fbAQLP

exports[`ColorButton 色が指定されていない時の表示は正しいか 1`] = `
<div>
  <button
    class="mx-1 p-0 rounded-full border-2 border-transparent"
  >
    <div
      class="w-8 h-8 rounded-full border-2 bg-linear-to-r from-red-500 to-purple-500"
      title=""
    />
  </button>
</div>
`;
