// Jest Snapshot v1, https://goo.gl/fbAQLP

exports[`CardTitle 見た目が変化していないか 1`] = `
<div>
  <div
    class="flex flex-row items-center"
  >
    <div
      class="flex-none w-16 h-16 rounded-xl border border-gray-200"
      style="background-color: rgb(217, 103, 163);"
    />
    <div
      class="flex-1 ml-6"
      data-testid="name-label"
    >
      <p
        class="text-lg leading-6"
      >
        小早川紗枝
      </p>
      <p
        class="text-sm tracking-wide"
      >
        Sae Kobayakawa
      </p>
    </div>
  </div>
</div>
`;
